###############################################################################
#
# IAR ELF Linker V8.30.1.114/W32 for ARM                  05/Apr/2021  20:05:29
# Copyright 2007-2018 IAR Systems AB.
#
#    Output file  =  
#        D:\project\Project
#        stm\NRF\F103_NRF_RX_PC\EWARM\F103_NRF_RX\Exe\F103_NRF_RX.out
#    Map file     =  
#        D:\project\Project
#        stm\NRF\F103_NRF_RX_PC\EWARM\F103_NRF_RX\List\F103_NRF_RX.map
#    Command line =  
#        -f C:\Users\allex\AppData\Local\Temp\EW2B5F.tmp ("D:\project\Project
#        stm\NRF\F103_NRF_RX_PC\EWARM\F103_NRF_RX\Obj\logic.o"
#        "D:\project\Project
#        stm\NRF\F103_NRF_RX_PC\EWARM\F103_NRF_RX\Obj\main.o"
#        "D:\project\Project
#        stm\NRF\F103_NRF_RX_PC\EWARM\F103_NRF_RX\Obj\nrf24.o"
#        "D:\project\Project
#        stm\NRF\F103_NRF_RX_PC\EWARM\F103_NRF_RX\Obj\radio_demo.o"
#        "D:\project\Project
#        stm\NRF\F103_NRF_RX_PC\EWARM\F103_NRF_RX\Obj\startup_stm32f103xb.o"
#        "D:\project\Project
#        stm\NRF\F103_NRF_RX_PC\EWARM\F103_NRF_RX\Obj\stm32f1xx_hal.o"
#        "D:\project\Project
#        stm\NRF\F103_NRF_RX_PC\EWARM\F103_NRF_RX\Obj\stm32f1xx_hal_adc.o"
#        "D:\project\Project
#        stm\NRF\F103_NRF_RX_PC\EWARM\F103_NRF_RX\Obj\stm32f1xx_hal_adc_ex.o"
#        "D:\project\Project
#        stm\NRF\F103_NRF_RX_PC\EWARM\F103_NRF_RX\Obj\stm32f1xx_hal_cortex.o"
#        "D:\project\Project
#        stm\NRF\F103_NRF_RX_PC\EWARM\F103_NRF_RX\Obj\stm32f1xx_hal_dma.o"
#        "D:\project\Project
#        stm\NRF\F103_NRF_RX_PC\EWARM\F103_NRF_RX\Obj\stm32f1xx_hal_exti.o"
#        "D:\project\Project
#        stm\NRF\F103_NRF_RX_PC\EWARM\F103_NRF_RX\Obj\stm32f1xx_hal_flash.o"
#        "D:\project\Project
#        stm\NRF\F103_NRF_RX_PC\EWARM\F103_NRF_RX\Obj\stm32f1xx_hal_flash_ex.o"
#        "D:\project\Project
#        stm\NRF\F103_NRF_RX_PC\EWARM\F103_NRF_RX\Obj\stm32f1xx_hal_gpio.o"
#        "D:\project\Project
#        stm\NRF\F103_NRF_RX_PC\EWARM\F103_NRF_RX\Obj\stm32f1xx_hal_gpio_ex.o"
#        "D:\project\Project
#        stm\NRF\F103_NRF_RX_PC\EWARM\F103_NRF_RX\Obj\stm32f1xx_hal_msp.o"
#        "D:\project\Project
#        stm\NRF\F103_NRF_RX_PC\EWARM\F103_NRF_RX\Obj\stm32f1xx_hal_pwr.o"
#        "D:\project\Project
#        stm\NRF\F103_NRF_RX_PC\EWARM\F103_NRF_RX\Obj\stm32f1xx_hal_rcc.o"
#        "D:\project\Project
#        stm\NRF\F103_NRF_RX_PC\EWARM\F103_NRF_RX\Obj\stm32f1xx_hal_rcc_ex.o"
#        "D:\project\Project
#        stm\NRF\F103_NRF_RX_PC\EWARM\F103_NRF_RX\Obj\stm32f1xx_hal_spi.o"
#        "D:\project\Project
#        stm\NRF\F103_NRF_RX_PC\EWARM\F103_NRF_RX\Obj\stm32f1xx_hal_tim.o"
#        "D:\project\Project
#        stm\NRF\F103_NRF_RX_PC\EWARM\F103_NRF_RX\Obj\stm32f1xx_hal_tim_ex.o"
#        "D:\project\Project
#        stm\NRF\F103_NRF_RX_PC\EWARM\F103_NRF_RX\Obj\stm32f1xx_hal_uart.o"
#        "D:\project\Project
#        stm\NRF\F103_NRF_RX_PC\EWARM\F103_NRF_RX\Obj\stm32f1xx_it.o"
#        "D:\project\Project
#        stm\NRF\F103_NRF_RX_PC\EWARM\F103_NRF_RX\Obj\system_stm32f1xx.o"
#        --redirect _Printf=_PrintfFull --redirect _Scanf=_ScanfFull
#        --no_out_extension -o "D:\project\Project
#        stm\NRF\F103_NRF_RX_PC\EWARM\F103_NRF_RX\Exe\F103_NRF_RX.out" --map
#        "D:\project\Project
#        stm\NRF\F103_NRF_RX_PC\EWARM\F103_NRF_RX\List\F103_NRF_RX.map"
#        --config "D:\project\Project
#        stm\NRF\F103_NRF_RX_PC\EWARM/stm32f103xb_flash.icf" --semihosting
#        --entry __iar_program_start --vfe --text_out locale)
#
###############################################################################

*******************************************************************************
*** RUNTIME MODEL ATTRIBUTES
***

CppFlavor       = *
__SystemLibrary = DLib
__dlib_version  = 6


*******************************************************************************
*** HEAP SELECTION
***

The basic heap was selected because no calls to memory allocation
functions were found in the application outside of system library
functions, and there are calls to deallocation functions in the
application.


*******************************************************************************
*** PLACEMENT SUMMARY
***

"A0":  place at 0x800'0000 { ro section .intvec };
"P1":  place in [from 0x800'0000 to 0x801'ffff] { ro };
define block CSTACK with size = 1K, alignment = 8 { };
define block HEAP with size = 512, alignment = 8 { };
"P2":  place in [from 0x2000'0000 to 0x2000'4fff] {
          rw, block CSTACK, block HEAP };
initialize by copy { rw };

  Section            Kind         Address    Size  Object
  -------            ----         -------    ----  ------
"A0":                                        0xec
  .intvec            ro code   0x800'0000    0xec  startup_stm32f103xb.o [1]
                             - 0x800'00ec    0xec

"P1":                                      0x3572
  .text              ro code   0x800'00ec   0x7e2  stm32f1xx_hal_tim.o [1]
  .text              ro code   0x800'08ce    0x3a  zero_init3.o [3]
  .text              ro code   0x800'0908   0x25c  stm32f1xx_hal_msp.o [1]
  .text              ro code   0x800'0b64     0x2  stm32f1xx_hal_tim.o [1]
  .text              ro code   0x800'0b66     0x2  stm32f1xx_hal_tim.o [1]
  .text              ro code   0x800'0b68     0x2  stm32f1xx_hal_tim.o [1]
  .text              ro code   0x800'0b6a     0x2  stm32f1xx_hal_tim.o [1]
  .text              ro code   0x800'0b6c     0x2  stm32f1xx_hal_tim_ex.o [1]
  .text              ro code   0x800'0b6e     0x2  stm32f1xx_hal_tim.o [1]
  .text              ro code   0x800'0b70     0x2  stm32f1xx_hal_tim_ex.o [1]
  .rodata            const     0x800'0b72     0x2  stm32f1xx_hal_rcc.o [1]
  .text              ro code   0x800'0b74     0x6  ABImemclr4.o [3]
  .text              ro code   0x800'0b7c   0x2ba  stm32f1xx_hal_gpio.o [1]
  .text              ro code   0x800'0e38   0x1f8  stm32f1xx_hal_dma.o [1]
  .text              ro code   0x800'1030   0x412  main.o [1]
  .text              ro code   0x800'1444   0x154  stm32f1xx_hal_cortex.o [1]
  .text              ro code   0x800'1598    0x32  ABImemset48.o [3]
  .text              ro code   0x800'15cc    0x24  stm32f1xx_hal.o [1]
  .text              ro code   0x800'15f0   0x55c  logic.o [1]
  .text              ro code   0x800'1b4c   0x660  stm32f1xx_hal_rcc.o [1]
  .text              ro code   0x800'21ac   0x12c  stm32f1xx_hal_rcc_ex.o [1]
  .text              ro code   0x800'22d8   0x2f8  stm32f1xx_hal_adc.o [1]
  .text              ro code   0x800'25d0   0x408  stm32f1xx_hal_spi.o [1]
  .text              ro code   0x800'29d8    0x7c  stm32f1xx_hal_tim_ex.o [1]
  .text              ro code   0x800'2a54   0x29c  stm32f1xx_hal_uart.o [1]
  .text              ro code   0x800'2cf0    0x4c  stm32f1xx_hal.o [1]
  .text              ro code   0x800'2d3c    0x28  stm32f1xx_hal.o [1]
  .text              ro code   0x800'2d64   0x496  nrf24.o [1]
  .text              ro code   0x800'31fc    0xd4  radio_demo.o [1]
  .text              ro code   0x800'32d0     0xc  stm32f1xx_hal.o [1]
  .text              ro code   0x800'32dc    0x86  ABImemcpy.o [3]
  .text              ro code   0x800'3364    0x36  strlen.o [3]
  .text              ro code   0x800'339c    0x70  stm32f1xx_it.o [1]
  .text              ro code   0x800'340c    0x18  stm32f1xx_hal.o [1]
  .text              ro code   0x800'3424    0x2c  copy_init3.o [3]
  .text              ro code   0x800'3450    0x28  data_init.o [3]
  .iar.init_table    const     0x800'3478    0x24  - Linker created -
  .text              ro code   0x800'349c    0x1e  cmain.o [3]
  .text              ro code   0x800'34ba     0x4  low_level_init.o [2]
  .text              ro code   0x800'34be     0x4  exit.o [2]
  .text              ro code   0x800'34c4     0xa  cexit.o [3]
  .text              ro code   0x800'34d0    0x14  exit.o [4]
  .rodata            const     0x800'34e4    0x18  logic.o [1]
  .rodata            const     0x800'34fc    0x18  logic.o [1]
  .rodata            const     0x800'3514    0x14  radio_demo.o [1]
  .rodata            const     0x800'3528    0x10  stm32f1xx_hal_rcc.o [1]
  .rodata            const     0x800'3538    0x10  system_stm32f1xx.o [1]
  .text              ro code   0x800'3548    0x10  startup_stm32f103xb.o [1]
  .rodata            const     0x800'3558     0xc  logic.o [1]
  .rodata            const     0x800'3564     0xc  logic.o [1]
  .text              ro code   0x800'3570     0xc  cstartup_M.o [3]
  Initializer bytes  const     0x800'357c     0xc  <for P2-1>
  .rodata            const     0x800'3588     0x8  main.o [1]
  .rodata            const     0x800'3590     0x8  main.o [1]
  .rodata            const     0x800'3598     0x8  nrf24.o [1]
  .rodata            const     0x800'35a0     0x8  nrf24.o [1]
  .rodata            const     0x800'35a8     0x8  nrf24.o [1]
  .rodata            const     0x800'35b0     0x8  system_stm32f1xx.o [1]
  .rodata            const     0x800'35b8     0x4  logic.o [1]
  .text              ro code   0x800'35bc     0x4  startup_stm32f103xb.o [1]
  .text              ro code   0x800'35c0     0x4  startup_stm32f103xb.o [1]
  .text              ro code   0x800'35c4     0x4  startup_stm32f103xb.o [1]
  .text              ro code   0x800'35c8     0x4  startup_stm32f103xb.o [1]
  .text              ro code   0x800'35cc     0x4  startup_stm32f103xb.o [1]
  .text              ro code   0x800'35d0     0x4  startup_stm32f103xb.o [1]
  .text              ro code   0x800'35d4     0x4  startup_stm32f103xb.o [1]
  .text              ro code   0x800'35d8     0x4  startup_stm32f103xb.o [1]
  .text              ro code   0x800'35dc     0x4  startup_stm32f103xb.o [1]
  .text              ro code   0x800'35e0     0x4  startup_stm32f103xb.o [1]
  .text              ro code   0x800'35e4     0x4  startup_stm32f103xb.o [1]
  .text              ro code   0x800'35e8     0x4  startup_stm32f103xb.o [1]
  .text              ro code   0x800'35ec     0x4  startup_stm32f103xb.o [1]
  .text              ro code   0x800'35f0     0x4  startup_stm32f103xb.o [1]
  .text              ro code   0x800'35f4     0x4  startup_stm32f103xb.o [1]
  .text              ro code   0x800'35f8     0x4  startup_stm32f103xb.o [1]
  .text              ro code   0x800'35fc     0x4  startup_stm32f103xb.o [1]
  .text              ro code   0x800'3600     0x4  startup_stm32f103xb.o [1]
  .text              ro code   0x800'3604     0x4  startup_stm32f103xb.o [1]
  .text              ro code   0x800'3608     0x4  startup_stm32f103xb.o [1]
  .text              ro code   0x800'360c     0x4  startup_stm32f103xb.o [1]
  .text              ro code   0x800'3610     0x4  startup_stm32f103xb.o [1]
  .text              ro code   0x800'3614     0x4  startup_stm32f103xb.o [1]
  .text              ro code   0x800'3618     0x4  startup_stm32f103xb.o [1]
  .text              ro code   0x800'361c     0x4  startup_stm32f103xb.o [1]
  .text              ro code   0x800'3620     0x4  startup_stm32f103xb.o [1]
  .text              ro code   0x800'3624     0x4  startup_stm32f103xb.o [1]
  .text              ro code   0x800'3628     0x4  startup_stm32f103xb.o [1]
  .text              ro code   0x800'362c     0x4  startup_stm32f103xb.o [1]
  .text              ro code   0x800'3630     0x4  startup_stm32f103xb.o [1]
  .text              ro code   0x800'3634     0x4  startup_stm32f103xb.o [1]
  .text              ro code   0x800'3638     0x4  startup_stm32f103xb.o [1]
  .text              ro code   0x800'363c     0x4  startup_stm32f103xb.o [1]
  .text              ro code   0x800'3640     0x4  startup_stm32f103xb.o [1]
  .text              ro code   0x800'3644     0x4  startup_stm32f103xb.o [1]
  .text              ro code   0x800'3648     0x4  startup_stm32f103xb.o [1]
  .text              ro code   0x800'364c     0x4  startup_stm32f103xb.o [1]
  .text              ro code   0x800'3650     0x4  startup_stm32f103xb.o [1]
  .text              ro code   0x800'3654     0x4  startup_stm32f103xb.o [1]
  .text              ro code   0x800'3658     0x4  startup_stm32f103xb.o [1]
  .text              ro code   0x800'365c     0x2  system_stm32f1xx.o [1]
  .rodata            const     0x800'365e     0x0  zero_init3.o [3]
  .rodata            const     0x800'365e     0x0  copy_init3.o [3]
                             - 0x800'365e  0x3572

"P2", part 1 of 3:                            0xc
  P2-1                        0x2000'0000     0xb  <Init block>
    .data            inited   0x2000'0000     0x4  stm32f1xx_hal.o [1]
    .data            inited   0x2000'0004     0x4  system_stm32f1xx.o [1]
    .data            inited   0x2000'0008     0x1  logic.o [1]
    .data            inited   0x2000'0009     0x1  logic.o [1]
    .data            inited   0x2000'000a     0x1  stm32f1xx_hal.o [1]
                            - 0x2000'000b     0xb

"P2", part 2 of 3:                          0x1fc
  .bss               zero     0x2000'000c    0x58  main.o [1]
  .bss               zero     0x2000'0064    0x48  main.o [1]
  .bss               zero     0x2000'00ac    0x48  main.o [1]
  .bss               zero     0x2000'00f4    0x44  main.o [1]
  .bss               zero     0x2000'0138    0x40  main.o [1]
  .bss               zero     0x2000'0178    0x30  main.o [1]
  .bss               zero     0x2000'01a8    0x20  radio_demo.o [1]
  .bss               zero     0x2000'01c8    0x10  logic.o [1]
  .bss               zero     0x2000'01d8     0x4  logic.o [1]
  .bss               zero     0x2000'01dc     0x4  logic.o [1]
  .bss               zero     0x2000'01e0     0x4  logic.o [1]
  .bss               zero     0x2000'01e4     0x4  logic.o [1]
  .bss               zero     0x2000'01e8     0x4  logic.o [1]
  .bss               zero     0x2000'01ec     0x4  stm32f1xx_hal.o [1]
  .bss               zero     0x2000'01f0     0x4  stm32f1xx_it.o [1]
  .bss               zero     0x2000'01f4     0x4  stm32f1xx_it.o [1]
  .bss               zero     0x2000'01f8     0x4  stm32f1xx_it.o [1]
  .bss               zero     0x2000'01fc     0x4  stm32f1xx_it.o [1]
  .bss               zero     0x2000'0200     0x2  logic.o [1]
  .bss               zero     0x2000'0202     0x1  logic.o [1]
  .bss               zero     0x2000'0203     0x1  logic.o [1]
  .bss               zero     0x2000'0204     0x1  logic.o [1]
  .bss               zero     0x2000'0205     0x1  radio_demo.o [1]
  .bss               zero     0x2000'0206     0x1  radio_demo.o [1]
                            - 0x2000'0207   0x1fb

"P2", part 3 of 3:                          0x400
  CSTACK                      0x2000'0208   0x400  <Block>
    CSTACK           uninit   0x2000'0208   0x400  <Block tail>
                            - 0x2000'0608   0x400

Unused ranges:

         From           To      Size
         ----           --      ----
   0x800'365e   0x801'ffff  0x1'c9a2
  0x2000'0608  0x2000'4fff    0x49f8


*******************************************************************************
*** INIT TABLE
***

          Address      Size
          -------      ----
Zero (__iar_zero_init3)
    1 destination range, total size 0x1fb:
          0x2000'000c  0x1fb

Copy (__iar_copy_init3)
    1 source range, total size 0xc (109% of destination):
           0x800'357c    0xc
    1 destination range, total size 0xb:
          0x2000'0000    0xb



*******************************************************************************
*** MODULE SUMMARY
***

    Module                  ro code  ro data  rw data
    ------                  -------  -------  -------
command line/config:
    -------------------------------------------------
    Total:

D:\project\Project stm\NRF\F103_NRF_RX_PC\EWARM\F103_NRF_RX\Obj: [1]
    logic.o                   1 372       78       43
    main.o                    1 042       16      412
    nrf24.o                   1 174       24
    radio_demo.o                212       20       34
    startup_stm32f103xb.o       412
    stm32f1xx_hal.o             188        5        9
    stm32f1xx_hal_adc.o         760
    stm32f1xx_hal_cortex.o      340
    stm32f1xx_hal_dma.o         504
    stm32f1xx_hal_gpio.o        698
    stm32f1xx_hal_msp.o         604
    stm32f1xx_hal_rcc.o       1 632       18
    stm32f1xx_hal_rcc_ex.o      300
    stm32f1xx_hal_spi.o       1 032
    stm32f1xx_hal_tim.o       2 028
    stm32f1xx_hal_tim_ex.o      128
    stm32f1xx_hal_uart.o        668
    stm32f1xx_it.o              112                16
    system_stm32f1xx.o            2       28        4
    -------------------------------------------------
    Total:                   13 208      189      518

dl7M_tln.a: [2]
    exit.o                        4
    low_level_init.o              4
    -------------------------------------------------
    Total:                        8

rt7M_tl.a: [3]
    ABImemclr4.o                  6
    ABImemcpy.o                 134
    ABImemset48.o                50
    cexit.o                      10
    cmain.o                      30
    copy_init3.o                 44
    cstartup_M.o                 12
    data_init.o                  40
    strlen.o                     54
    zero_init3.o                 58
    -------------------------------------------------
    Total:                      438

shb_l.a: [4]
    exit.o                       20
    -------------------------------------------------
    Total:                       20

    Gaps                         18
    Linker created                        37    1 024
-----------------------------------------------------
    Grand Total:             13 692      226    1 542


*******************************************************************************
*** ENTRY LIST
***

Entry                       Address   Size  Type      Object
-----                       -------   ----  ----      ------
.iar.init_table$$Base    0x800'3478          --   Gb  - Linker created -
.iar.init_table$$Limit   0x800'349c          --   Gb  - Linker created -
?main                    0x800'349d         Code  Gb  cmain.o [3]
ADC_ConversionStop_Disable
                         0x800'2585   0x4a  Code  Gb  stm32f1xx_hal_adc.o [1]
AHBPrescTable            0x800'3538   0x10  Data  Gb  system_stm32f1xx.o [1]
APBPrescTable            0x800'35b0    0x8  Data  Gb  system_stm32f1xx.o [1]
BusFault_Handler         0x800'33a3    0x2  Code  Gb  stm32f1xx_it.o [1]
CSTACK$$Base            0x2000'0208          --   Gb  - Linker created -
CSTACK$$Limit           0x2000'0608          --   Gb  - Linker created -
DMA1_Channel1_IRQHandler
                         0x800'33b5    0xa  Code  Gb  stm32f1xx_it.o [1]
DebugMon_Handler         0x800'33a9    0x2  Code  Gb  stm32f1xx_it.o [1]
Delay_ms                 0x800'1611    0xc  Code  Lc  logic.o [1]
EXTI9_5_IRQHandler       0x800'33bf    0xc  Code  Gb  stm32f1xx_it.o [1]
Error_Handler            0x800'1441    0x2  Code  Gb  main.o [1]
HAL_ADC_ConfigChannel    0x800'241d  0x152  Code  Gb  stm32f1xx_hal_adc.o [1]
HAL_ADC_Init             0x800'22d9  0x144  Code  Gb  stm32f1xx_hal_adc.o [1]
HAL_ADC_MspInit          0x800'0945   0x88  Code  Gb  stm32f1xx_hal_msp.o [1]
HAL_DMA_IRQHandler       0x800'0ea3  0x16a  Code  Gb  stm32f1xx_hal_dma.o [1]
HAL_DMA_Init             0x800'0e39   0x6a  Code  Gb  stm32f1xx_hal_dma.o [1]
HAL_Delay                0x800'2d3d   0x28  Code  Wk  stm32f1xx_hal.o [1]
HAL_GPIO_EXTI_IRQHandler
                         0x800'0dcf   0x20  Code  Gb  stm32f1xx_hal_gpio.o [1]
HAL_GPIO_Init            0x800'0b7d  0x21e  Code  Gb  stm32f1xx_hal_gpio.o [1]
HAL_GPIO_TogglePin       0x800'0db5   0x1a  Code  Gb  stm32f1xx_hal_gpio.o [1]
HAL_GPIO_WritePin        0x800'0d9b   0x1a  Code  Gb  stm32f1xx_hal_gpio.o [1]
HAL_GetTick              0x800'32d1    0xc  Code  Wk  stm32f1xx_hal.o [1]
HAL_IncTick              0x800'340d   0x18  Code  Wk  stm32f1xx_hal.o [1]
HAL_Init                 0x800'15cd   0x20  Code  Gb  stm32f1xx_hal.o [1]
HAL_InitTick             0x800'2cf1   0x4c  Code  Wk  stm32f1xx_hal.o [1]
HAL_MspInit              0x800'0909   0x3c  Code  Gb  stm32f1xx_hal_msp.o [1]
HAL_NVIC_EnableIRQ       0x800'155d    0xe  Code  Gb  stm32f1xx_hal_cortex.o [1]
HAL_NVIC_SetPriority     0x800'1533   0x2a  Code  Gb  stm32f1xx_hal_cortex.o [1]
HAL_NVIC_SetPriorityGrouping
                         0x800'1527    0xc  Code  Gb  stm32f1xx_hal_cortex.o [1]
HAL_RCCEx_PeriphCLKConfig
                         0x800'21ad  0x118  Code  Gb  stm32f1xx_hal_rcc_ex.o [1]
HAL_RCC_ClockConfig      0x800'1f4d  0x14e  Code  Gb  stm32f1xx_hal_rcc.o [1]
HAL_RCC_GetHCLKFreq      0x800'210b    0x6  Code  Gb  stm32f1xx_hal_rcc.o [1]
HAL_RCC_GetPCLK1Freq     0x800'2111   0x16  Code  Gb  stm32f1xx_hal_rcc.o [1]
HAL_RCC_GetPCLK2Freq     0x800'2127   0x16  Code  Gb  stm32f1xx_hal_rcc.o [1]
HAL_RCC_GetSysClockFreq
                         0x800'209b   0x70  Code  Gb  stm32f1xx_hal_rcc.o [1]
HAL_RCC_OscConfig        0x800'1b4d  0x400  Code  Gb  stm32f1xx_hal_rcc.o [1]
HAL_SPI_Init             0x800'25d1   0xc4  Code  Gb  stm32f1xx_hal_spi.o [1]
HAL_SPI_MspInit          0x800'09cd   0x6a  Code  Gb  stm32f1xx_hal_msp.o [1]
HAL_SPI_TransmitReceive
                         0x800'2695  0x23c  Code  Gb  stm32f1xx_hal_spi.o [1]
HAL_SYSTICK_Config       0x800'156b    0xc  Code  Gb  stm32f1xx_hal_cortex.o [1]
HAL_TIMEx_BreakCallback
                         0x800'0b6d    0x2  Code  Wk  stm32f1xx_hal_tim_ex.o [1]
HAL_TIMEx_CommutCallback
                         0x800'0b71    0x2  Code  Wk  stm32f1xx_hal_tim_ex.o [1]
HAL_TIMEx_MasterConfigSynchronization
                         0x800'29d9   0x6e  Code  Gb  stm32f1xx_hal_tim_ex.o [1]
HAL_TIM_Base_Init        0x800'00ed   0x6e  Code  Gb  stm32f1xx_hal_tim.o [1]
HAL_TIM_Base_MspInit     0x800'0a37   0x32  Code  Gb  stm32f1xx_hal_msp.o [1]
HAL_TIM_Base_Start_IT    0x800'015b   0x72  Code  Gb  stm32f1xx_hal_tim.o [1]
HAL_TIM_ConfigClockSource
                         0x800'057b   0xec  Code  Gb  stm32f1xx_hal_tim.o [1]
HAL_TIM_IRQHandler       0x800'0311  0x176  Code  Gb  stm32f1xx_hal_tim.o [1]
HAL_TIM_MspPostInit      0x800'0a8b   0x42  Code  Gb  stm32f1xx_hal_msp.o [1]
HAL_TIM_PWM_ConfigChannel
                         0x800'0487   0xf4  Code  Gb  stm32f1xx_hal_tim.o [1]
HAL_TIM_PWM_Init         0x800'01cd   0x6e  Code  Gb  stm32f1xx_hal_tim.o [1]
HAL_TIM_PWM_MspInit      0x800'0a69   0x22  Code  Gb  stm32f1xx_hal_msp.o [1]
HAL_TIM_PWM_Start        0x800'023b   0xca  Code  Gb  stm32f1xx_hal_tim.o [1]
HAL_UART_Init            0x800'2a55   0x76  Code  Gb  stm32f1xx_hal_uart.o [1]
HAL_UART_MspInit         0x800'0acd   0x6e  Code  Gb  stm32f1xx_hal_msp.o [1]
HAL_UART_Transmit        0x800'2acb   0xd8  Code  Gb  stm32f1xx_hal_uart.o [1]
HardFault_Handler        0x800'339f    0x2  Code  Gb  stm32f1xx_it.o [1]
LOGIC                    0x800'16f1  0x19a  Code  Gb  logic.o [1]
LOGICstart               0x800'161d   0xd4  Code  Gb  logic.o [1]
LOGICstart::nRF24_ADDR   0x800'35b8    0x4  Data  Lc  logic.o [1]
MX_ADC1_Init             0x800'10eb   0x5a  Code  Lc  main.o [1]
MX_DMA_Init              0x800'12df   0x28  Code  Lc  main.o [1]
MX_GPIO_Init             0x800'1307   0xf6  Code  Lc  main.o [1]
MX_SPI1_Init             0x800'1145   0x46  Code  Lc  main.o [1]
MX_TIM1_Init             0x800'118b   0x76  Code  Lc  main.o [1]
MX_TIM2_Init             0x800'1201   0xaa  Code  Lc  main.o [1]
MX_USART1_UART_Init      0x800'12ab   0x34  Code  Lc  main.o [1]
MemManage_Handler        0x800'33a1    0x2  Code  Gb  stm32f1xx_it.o [1]
NMI_Handler              0x800'339d    0x2  Code  Gb  stm32f1xx_it.o [1]
NVIC_EncodePriority      0x800'14b7   0x40  Code  Lc  stm32f1xx_hal_cortex.o [1]
PendSV_Handler           0x800'33ab    0x2  Code  Gb  stm32f1xx_it.o [1]
RCC_Delay                0x800'213d   0x26  Code  Lc  stm32f1xx_hal_rcc.o [1]
Region$$Table$$Base      0x800'3478          --   Gb  - Linker created -
Region$$Table$$Limit     0x800'349c          --   Gb  - Linker created -
SPI_EndRxTxTransaction   0x800'29ab   0x2a  Code  Lc  stm32f1xx_hal_spi.o [1]
SPI_WaitFlagStateUntilTimeout
                         0x800'28d1   0xda  Code  Lc  stm32f1xx_hal_spi.o [1]
SVC_Handler              0x800'33a7    0x2  Code  Gb  stm32f1xx_it.o [1]
SysTick_Config           0x800'14f7   0x30  Code  Lc  stm32f1xx_hal_cortex.o [1]
SysTick_Handler          0x800'33ad    0x8  Code  Gb  stm32f1xx_it.o [1]
SystemClock_Config       0x800'1061   0x8a  Code  Gb  main.o [1]
SystemCoreClock         0x2000'0004    0x4  Data  Gb  system_stm32f1xx.o [1]
SystemInit               0x800'365d    0x2  Code  Gb  system_stm32f1xx.o [1]
TIM1_UP_IRQHandler       0x800'33cb   0x2a  Code  Gb  stm32f1xx_it.o [1]
TIM_Base_SetConfig       0x800'0667   0x64  Code  Gb  stm32f1xx_hal_tim.o [1]
TIM_CCxChannelCmd        0x800'08ab   0x24  Code  Gb  stm32f1xx_hal_tim.o [1]
TIM_ETR_SetConfig        0x800'0893   0x18  Code  Gb  stm32f1xx_hal_tim.o [1]
TIM_ITRx_SetConfig       0x800'0883   0x10  Code  Lc  stm32f1xx_hal_tim.o [1]
TIM_OC1_SetConfig        0x800'06cb   0x58  Code  Lc  stm32f1xx_hal_tim.o [1]
TIM_OC2_SetConfig        0x800'0723   0x62  Code  Gb  stm32f1xx_hal_tim.o [1]
TIM_OC3_SetConfig        0x800'0785   0x60  Code  Lc  stm32f1xx_hal_tim.o [1]
TIM_OC4_SetConfig        0x800'07e5   0x46  Code  Lc  stm32f1xx_hal_tim.o [1]
TIM_TI1_ConfigInputStage
                         0x800'0839   0x24  Code  Lc  stm32f1xx_hal_tim.o [1]
TIM_TI2_ConfigInputStage
                         0x800'085d   0x26  Code  Lc  stm32f1xx_hal_tim.o [1]
UART_SendBufHex          0x800'3227   0x5c  Code  Gb  radio_demo.o [1]
UART_SendChar            0x800'31fd   0x10  Code  Gb  radio_demo.o [1]
UART_SendInt             0x800'3283   0x44  Code  Gb  radio_demo.o [1]
UART_SendStr             0x800'320d   0x1a  Code  Gb  radio_demo.o [1]
UART_SetConfig           0x800'2c11   0xd6  Code  Lc  stm32f1xx_hal_uart.o [1]
UART_WaitOnFlagUntilTimeout
                         0x800'2ba3   0x6e  Code  Lc  stm32f1xx_hal_uart.o [1]
UsageFault_Handler       0x800'33a5    0x2  Code  Gb  stm32f1xx_it.o [1]
__NVIC_EnableIRQ         0x800'146d   0x1e  Code  Lc  stm32f1xx_hal_cortex.o [1]
__NVIC_GetPriorityGrouping
                         0x800'1463    0xa  Code  Lc  stm32f1xx_hal_cortex.o [1]
__NVIC_SetPriority       0x800'148b   0x2c  Code  Lc  stm32f1xx_hal_cortex.o [1]
__NVIC_SetPriorityGrouping
                         0x800'1445   0x1e  Code  Lc  stm32f1xx_hal_cortex.o [1]
__aeabi_memclr4          0x800'0b75         Code  Gb  ABImemclr4.o [3]
__aeabi_memcpy4          0x800'32dd         Code  Gb  ABImemcpy.o [3]
__aeabi_memcpy8          0x800'32dd         Code  Gb  ABImemcpy.o [3]
__cmain                  0x800'349d         Code  Gb  cmain.o [3]
__exit                   0x800'34d1   0x14  Code  Gb  exit.o [4]
__iar_Memset4_word       0x800'1599         Code  Gb  ABImemset48.o [3]
__iar_Memset8_word       0x800'1599         Code  Gb  ABImemset48.o [3]
__iar_copy_init3         0x800'3425   0x2c  Code  Gb  copy_init3.o [3]
__iar_data_init3         0x800'3451   0x28  Code  Gb  data_init.o [3]
__iar_program_start      0x800'3571         Code  Gb  cstartup_M.o [3]
__iar_zero_init3         0x800'08cf   0x3a  Code  Gb  zero_init3.o [3]
__low_level_init         0x800'34bb    0x4  Code  Gb  low_level_init.o [2]
__vector_table           0x800'0000         Data  Gb  startup_stm32f103xb.o [1]
_call_main               0x800'34a9         Code  Gb  cmain.o [3]
_exit                    0x800'34c5         Code  Gb  cexit.o [3]
_main                    0x800'34b7         Code  Gb  cmain.o [3]
exit                     0x800'34bf    0x4  Code  Gb  exit.o [2]
flagBack                0x2000'0009    0x1  Data  Gb  logic.o [1]
flagFtont               0x2000'0008    0x1  Data  Gb  logic.o [1]
flagLeft                0x2000'0203    0x1  Data  Gb  logic.o [1]
flagRight               0x2000'0204    0x1  Data  Gb  logic.o [1]
hadc1                   0x2000'0178   0x30  Data  Gb  main.o [1]
hdma_adc1               0x2000'00f4   0x44  Data  Gb  main.o [1]
hspi1                   0x2000'000c   0x58  Data  Gb  main.o [1]
htim1                   0x2000'0064   0x48  Data  Gb  main.o [1]
htim2                   0x2000'00ac   0x48  Data  Gb  main.o [1]
huart1                  0x2000'0138   0x40  Data  Gb  main.o [1]
jButton                 0x2000'01d8    0x4  Data  Gb  logic.o [1]
jStickA                 0x2000'01dc    0x4  Data  Gb  logic.o [1]
jStickB                 0x2000'01e0    0x4  Data  Gb  logic.o [1]
led                     0x2000'01c8   0x10  Data  Gb  logic.o [1]
main                     0x800'1031   0x30  Code  Gb  main.o [1]
map                      0x800'1b35   0x18  Code  Gb  logic.o [1]
nRF24_ADDR_REGS          0x800'35a8    0x8  Data  Lc  nrf24.o [1]
nRF24_CE_H               0x800'1601   0x10  Code  Lc  logic.o [1]
nRF24_CE_L               0x800'15f1   0x10  Code  Lc  logic.o [1]
nRF24_CSN_H              0x800'2d75   0x10  Code  Lc  nrf24.o [1]
nRF24_CSN_L              0x800'2d65   0x10  Code  Lc  nrf24.o [1]
nRF24_Check              0x800'2f1f   0x42  Code  Gb  nrf24.o [1]
nRF24_ClearIRQFlags      0x800'3135   0x1a  Code  Gb  nrf24.o [1]
nRF24_DisableAA          0x800'30df   0x30  Code  Gb  nrf24.o [1]
nRF24_FlushRX            0x800'3129    0xc  Code  Gb  nrf24.o [1]
nRF24_FlushTX            0x800'311d    0xc  Code  Gb  nrf24.o [1]
nRF24_GetRxDplPayloadWidth
                         0x800'314f   0x1e  Code  Lc  nrf24.o [1]
nRF24_GetStatus_RXFIFO   0x800'310f    0xe  Code  Gb  nrf24.o [1]
nRF24_Init               0x800'2e8b   0x94  Code  Gb  nrf24.o [1]
nRF24_LL_RW              0x800'2d85   0x26  Code  Lc  nrf24.o [1]
nRF24_RX_PW_PIPE         0x800'35a0    0x8  Data  Lc  nrf24.o [1]
nRF24_ReadMBReg          0x800'2e2d   0x30  Code  Lc  nrf24.o [1]
nRF24_ReadPayload        0x800'31e9   0x12  Code  Gb  nrf24.o [1]
nRF24_ReadPayloadGeneric
                         0x800'316d   0x64  Code  Lc  nrf24.o [1]
nRF24_ReadReg            0x800'2dab   0x22  Code  Lc  nrf24.o [1]
nRF24_SetAddr            0x800'2fef   0x6a  Code  Gb  nrf24.o [1]
nRF24_SetAddrWidth       0x800'2fdf   0x10  Code  Gb  nrf24.o [1]
nRF24_SetCRCScheme       0x800'2fad   0x22  Code  Gb  nrf24.o [1]
nRF24_SetDataRate        0x800'3059   0x1e  Code  Gb  nrf24.o [1]
nRF24_SetOperationalMode
                         0x800'2f8b   0x22  Code  Gb  nrf24.o [1]
nRF24_SetPowerMode       0x800'2f61   0x2a  Code  Gb  nrf24.o [1]
nRF24_SetRFChannel       0x800'2fcf   0x10  Code  Gb  nrf24.o [1]
nRF24_SetRXPipe          0x800'3077   0x68  Code  Gb  nrf24.o [1]
nRF24_WriteMBReg         0x800'2e5d   0x2e  Code  Lc  nrf24.o [1]
nRF24_WriteReg           0x800'2dcd   0x60  Code  Lc  nrf24.o [1]
nRF24_payload           0x2000'01a8   0x20  Data  Gb  radio_demo.o [1]
payload_length          0x2000'0206    0x1  Data  Gb  radio_demo.o [1]
pipe                    0x2000'0205    0x1  Data  Gb  radio_demo.o [1]
stateNrf                0x2000'0202    0x1  Data  Gb  logic.o [1]
strlen                   0x800'3365         Code  Gb  strlen.o [3]
temp                    0x2000'01e4    0x4  Data  Gb  logic.o [1]
temp2                   0x2000'0200    0x2  Data  Gb  logic.o [1]
timer_Led4              0x2000'01f8    0x4  Data  Gb  stm32f1xx_it.o [1]
timer_LedLow            0x2000'01fc    0x4  Data  Gb  stm32f1xx_it.o [1]
timer_SendState         0x2000'01f4    0x4  Data  Gb  stm32f1xx_it.o [1]
timer_Sleep             0x2000'01f0    0x4  Data  Gb  stm32f1xx_it.o [1]
uwTick                  0x2000'01ec    0x4  Data  Gb  stm32f1xx_hal.o [1]
uwTickFreq              0x2000'000a    0x1  Data  Gb  stm32f1xx_hal.o [1]
uwTickPrio              0x2000'0000    0x4  Data  Gb  stm32f1xx_hal.o [1]
vMove                    0x800'194f  0x11e  Code  Gb  logic.o [1]
vReadNRF                 0x800'18b7   0x98  Code  Gb  logic.o [1]
vSetStateGpio            0x800'188b   0x2c  Code  Gb  logic.o [1]
vToogleLedLow            0x800'1a6d   0x18  Code  Gb  logic.o [1]
vToogleLedNrfNormal      0x800'1a85   0x38  Code  Gb  logic.o [1]
valLR                   0x2000'01e8    0x4  Data  Gb  logic.o [1]


[1] = D:\project\Project stm\NRF\F103_NRF_RX_PC\EWARM\F103_NRF_RX\Obj
[2] = dl7M_tln.a
[3] = rt7M_tl.a
[4] = shb_l.a

  13 692 bytes of readonly  code memory
     226 bytes of readonly  data memory
   1 542 bytes of readwrite data memory

Errors: none
Warnings: none
